// Vitest Snapshot v1, https://vitest.dev/guide/snapshot.html

exports[`generateCompositeBorderSVG > omits zero-width sides 1`] = `"<svg xmlns="http://www.w3.org/2000/svg" width="100" height="100" viewBox="0 0 100 100"> <defs> <clipPath id="clip_X"> <rect x="0" y="0" width="100" height="100" rx="0" ry="0" /> </clipPath> </defs> <g clip-path="url(#clip_X)"> <rect x="0" y="0" width="100" height="2" fill="#000000" /> </g> </svg>"`;

exports[`generateCompositeBorderSVG > renders all four sides with different colors and widths 1`] = `"<svg xmlns="http://www.w3.org/2000/svg" width="200" height="100" viewBox="0 0 200 100"> <defs> <clipPath id="clip_X"> <rect x="0" y="0" width="200" height="100" rx="4" ry="4" /> </clipPath> </defs> <g clip-path="url(#clip_X)"> <rect x="0" y="0" width="200" height="2" fill="#ff0000" /><rect x="196" y="0" width="4" height="100" fill="#00ff00" /><rect x="0" y="94" width="200" height="6" fill="#0000ff" /><rect x="0" y="0" width="8" height="100" fill="#ffff00" /> </g> </svg>"`;

exports[`generateCustomShapeSVG > clamps radii that would otherwise overlap 1`] = `"<svg xmlns="http://www.w3.org/2000/svg" width="40" height="40" viewBox="0 0 40 40"> <path d=" M 20 0 L 20 0 A 20 20 0 0 1 40 20 L 40 20 A 20 20 0 0 1 20 40 L 20 40 A 20 20 0 0 1 0 20 L 0 20 A 20 20 0 0 1 20 0 Z " fill="#000000" fill-opacity="1" /> </svg>"`;

exports[`generateCustomShapeSVG > renders mixed corner radii 1`] = `"<svg xmlns="http://www.w3.org/2000/svg" width="200" height="100" viewBox="0 0 200 100"> <path d=" M 32 0 L 192 0 A 8 8 0 0 1 200 8 L 200 68 A 32 32 0 0 1 168 100 L 8 100 A 8 8 0 0 1 0 92 L 0 32 A 32 32 0 0 1 32 0 Z " fill="#4285f4" fill-opacity="0.8" /> </svg>"`;

exports[`generateCustomShapeSVG > renders uniform corner radii 1`] = `"<svg xmlns="http://www.w3.org/2000/svg" width="200" height="100" viewBox="0 0 200 100"> <path d=" M 16 0 L 184 0 A 16 16 0 0 1 200 16 L 200 84 A 16 16 0 0 1 184 100 L 16 100 A 16 16 0 0 1 0 84 L 0 16 A 16 16 0 0 1 16 0 Z " fill="#ff5722" fill-opacity="1" /> </svg>"`;

exports[`generateGradientSVG > honors degree angles 1`] = `"<svg xmlns="http://www.w3.org/2000/svg" width="200" height="100" viewBox="0 0 200 100"> <defs> <linearGradient id="grad" x1="14.6%" y1="85.4%" x2="85.4%" y2="14.6%"> <stop offset="0%" stop-color="#ff7e5f" stop-opacity="1"/><stop offset="50%" stop-color="#feb47b" stop-opacity="1"/><stop offset="100%" stop-color="#86a8e7" stop-opacity="1"/> </linearGradient> </defs> <path d="M 0 0 L 200 0 A 0 0 0 0 1 200 0 L 200 100 A 0 0 0 0 1 200 100 L 0 100 A 0 0 0 0 1 0 100 L 0 0 A 0 0 0 0 1 0 0 Z" fill="url(#grad)" /> </svg>"`;

exports[`generateGradientSVG > honors the "to right" keyword 1`] = `"<svg xmlns="http://www.w3.org/2000/svg" width="200" height="100" viewBox="0 0 200 100"> <defs> <linearGradient id="grad" x1="0%" y1="0%" x2="100%" y2="100%"> <stop offset="0%" stop-color="#ffffff" stop-opacity="1"/><stop offset="100%" stop-color="#000000" stop-opacity="1"/> </linearGradient> </defs> <path d="M 0 0 L 200 0 A 0 0 0 0 1 200 0 L 200 100 A 0 0 0 0 1 200 100 L 0 100 A 0 0 0 0 1 0 100 L 0 0 A 0 0 0 0 1 0 0 Z" fill="url(#grad)" /> </svg>"`;

exports[`generateGradientSVG > renders a top-to-bottom two-stop linear gradient 1`] = `"<svg xmlns="http://www.w3.org/2000/svg" width="100" height="50" viewBox="0 0 100 50"> <defs> <linearGradient id="grad" x1="0%" y1="0%" x2="0%" y2="100%"> <stop offset="0%" stop-color="#ff0000" stop-opacity="1"/><stop offset="100%" stop-color="#0000ff" stop-opacity="1"/> </linearGradient> </defs> <path d="M 0 0 L 100 0 A 0 0 0 0 1 100 0 L 100 50 A 0 0 0 0 1 100 50 L 0 50 A 0 0 0 0 1 0 50 L 0 0 A 0 0 0 0 1 0 0 Z" fill="url(#grad)" /> </svg>"`;
